PS C:\Users\user> wsl
wsl: WSL installation appears to be corrupted (Error code: Wsl/CallMsi/Install/REGDB_E_CLASSNOTREG).
(This will take 1-2 minutes. Be patient and press "any key" when prompted.)
Press any key to repair WSL, or CTRL-C to cancel.
A
This prompt will time out in 60 seconds.
Updating Windows Subsystem for Linux to version: 2.4.13.

----------------------------------------------------------------------------------------------------------------------------------------------------
PS C:\Users\user> wsl --install
Installing Windows optional component: VirtualMachinePlatform

Deployment Image Servicing and Management tool
Version: 10.0.26100.1150

Image Version: 10.0.26100.3775

Enabling feature(s)
[==========================100.0%==========================]
The operation completed successfully.
The requested operation is successful. Changes will not be effective until the system is rebooted.

----------------------------------------------------------------------------------------------------------------------------------------------------
PS C:\Users\user> wsl.exe --list --online
The following is a list of valid distributions that can be installed.
Install using 'wsl.exe --install <Distro>'.

NAME                            FRIENDLY NAME
AlmaLinux-8                     AlmaLinux OS 8
AlmaLinux-9                     AlmaLinux OS 9
AlmaLinux-Kitten-10             AlmaLinux OS Kitten 10
Debian                          Debian GNU/Linux
FedoraLinux-42                  Fedora Linux 42
SUSE-Linux-Enterprise-15-SP5    SUSE Linux Enterprise 15 SP5
SUSE-Linux-Enterprise-15-SP6    SUSE Linux Enterprise 15 SP6
Ubuntu                          Ubuntu
Ubuntu-24.04                    Ubuntu 24.04 LTS
archlinux                       Arch Linux
kali-linux                      Kali Linux Rolling
openSUSE-Tumbleweed             openSUSE Tumbleweed
openSUSE-Leap-15.6              openSUSE Leap 15.6
Ubuntu-18.04                    Ubuntu 18.04 LTS
Ubuntu-20.04                    Ubuntu 20.04 LTS
Ubuntu-22.04                    Ubuntu 22.04 LTS
OracleLinux_7_9                 Oracle Linux 7.9
OracleLinux_8_7                 Oracle Linux 8.7
OracleLinux_9_1                 Oracle Linux 9.1

----------------------------------------------------------------------------------------------------------------------------------------------------
PS C:\Users\user> wsl --install -d kali-linux
The requested operation is successful. Changes will not be effective until the system is rebooted.

----------------------------------------------------------------------------------------------------------------------------------------------------
PS C:\Users\user> shutdown /r /t 0

----------------------------------------------------------------------------------------------------------------------------------------------------
PS C:\Users\user> wsl --install -d kali-linux
Downloading: Kali Linux Rolling
Installing: Kali Linux Rolling
Distribution successfully installed. It can be launched via 'wsl.exe -d kali-linux'

----------------------------------------------------------------------------------------------------------------------------------------------------
PS C:\Users\user> wsl -d kali-linux
Waiting for systemd to start...
running
Please create a default Kali WSL user. The username does not need to match your Windows username.
For more information visit: https://aka.ms/wslusers
Enter new UNIX username: kali
New password:
Retype new password:
passwd: password updated successfully
┏━(Message from Kali developers)
┃
┃ This is a minimal installation of Kali Linux, you likely
┃ want to install supplementary tools. Learn how:
┃ ⇒ https://www.kali.org/docs/troubleshooting/common-minimum-setup/
┃
┗━(Run: “touch ~/.hushlogin” to hide this message)
